{
    "type": "object",
    "properties": {
        "object1": {
            "type": "object",
            "properties": {
                "object2": {
                    "type": "array",
                    "items": {
                        "type": "string"
                    }
                }
            }
        }
    }
}